// Jest Snapshot v1, https://goo.gl/fbAQLP

exports[`should create safe html 1`] = `
"<!DOCTYPE html>
    <html lang=\\"fr\\">
      <head>
        <meta charSet=\\"UTF-8\\" />
        <meta name=\\"viewport\\" content=\\"width=device-width, initial-scale=1.0\\" />
        <meta name=\\"Description\\" content=\\"PEX\\">
        <meta>meta</meta>
        <style>style</style>
      </head>
      <body>
        <body>body</body>
        <script nonce=\\"nonce\\" id=\\"initial-data\\" type=\\"text/plain\\" data-json=\\"{&quot;arr&quot;:[&quot;foo&quot;,&quot;bar&quot;],&quot;obj&quot;:{&quot;foo&quot;:1,&quot;bar&quot;:1},&quot;str&quot;:&quot;string&quot;}\\"></script>
        <script>window</script>
      </body>
    </html>"
`;
